// Jest Snapshot v1, https://goo.gl/fbAQLP

exports[`addSiriShortcutAppDelegateImport adds import to objcpp Expo Modules AppDelegate 1`] = `
"#import "AppDelegate.h"
// @generated begin react-native-siri-shortcut - expo prebuild (DO NOT MODIFY) sync-34828decdfd158f5b96fe11a1e590a684e296e0e
#import <RNSiriShortcuts/RNSiriShortcuts.h>
// @generated end react-native-siri-shortcut

#import <React/RCTBundleURLProvider.h>
#import <React/RCTLinkingManager.h>

@implementation AppDelegate

- (BOOL)application:(UIApplication *)application didFinishLaunchingWithOptions:(NSDictionary *)launchOptions
{
  self.moduleName = @"main";

  // You can add your custom initial props in the dictionary below.
  // They will be passed down to the ViewController used by React Native.
  self.initialProps = @{};

  return [super application:application didFinishLaunchingWithOptions:launchOptions];
}

- (NSURL *)sourceURLForBridge:(RCTBridge *)bridge
{
  return [self bundleURL];
}

- (NSURL *)bundleURL
{
#if DEBUG
  return [[RCTBundleURLProvider sharedSettings] jsBundleURLForBundleRoot:@".expo/.virtual-metro-entry"];
#else
  return [[NSBundle mainBundle] URLForResource:@"main" withExtension:@"jsbundle"];
#endif
}

// Linking API
- (BOOL)application:(UIApplication *)application openURL:(NSURL *)url options:(NSDictionary<UIApplicationOpenURLOptionsKey,id> *)options {
  return [super application:application openURL:url options:options] || [RCTLinkingManager application:application openURL:url options:options];
}

// Universal Links
- (BOOL)application:(UIApplication *)application continueUserActivity:(nonnull NSUserActivity *)userActivity restorationHandler:(nonnull void (^)(NSArray<id<UIUserActivityRestoring>> * _Nullable))restorationHandler {
  BOOL result = [RCTLinkingManager application:application continueUserActivity:userActivity restorationHandler:restorationHandler];
  return [super application:application continueUserActivity:userActivity restorationHandler:restorationHandler] || result;
}

// Explicitly define remote notification delegates to ensure compatibility with some third-party libraries
- (void)application:(UIApplication *)application didRegisterForRemoteNotificationsWithDeviceToken:(NSData *)deviceToken
{
  return [super application:application didRegisterForRemoteNotificationsWithDeviceToken:deviceToken];
}

// Explicitly define remote notification delegates to ensure compatibility with some third-party libraries
- (void)application:(UIApplication *)application didFailToRegisterForRemoteNotificationsWithError:(NSError *)error
{
  return [super application:application didFailToRegisterForRemoteNotificationsWithError:error];
}

// Explicitly define remote notification delegates to ensure compatibility with some third-party libraries
- (void)application:(UIApplication *)application didReceiveRemoteNotification:(NSDictionary *)userInfo fetchCompletionHandler:(void (^)(UIBackgroundFetchResult))completionHandler
{
  return [super application:application didReceiveRemoteNotification:userInfo fetchCompletionHandler:completionHandler];
}

@end
"
`;

exports[`addSiriShortcutAppDelegateInit adds init to objcpp Expo Modules AppDelegate 1`] = `
"#import "AppDelegate.h"

#import <React/RCTBundleURLProvider.h>
#import <React/RCTLinkingManager.h>

@implementation AppDelegate

- (BOOL)application:(UIApplication *)application didFinishLaunchingWithOptions:(NSDictionary *)launchOptions
{
  self.moduleName = @"main";

  // You can add your custom initial props in the dictionary below.
  // They will be passed down to the ViewController used by React Native.
  self.initialProps = @{};

  return [super application:application didFinishLaunchingWithOptions:launchOptions];
}

- (NSURL *)sourceURLForBridge:(RCTBridge *)bridge
{
  return [self bundleURL];
}

- (NSURL *)bundleURL
{
#if DEBUG
  return [[RCTBundleURLProvider sharedSettings] jsBundleURLForBundleRoot:@".expo/.virtual-metro-entry"];
#else
  return [[NSBundle mainBundle] URLForResource:@"main" withExtension:@"jsbundle"];
#endif
}

// Linking API
- (BOOL)application:(UIApplication *)application openURL:(NSURL *)url options:(NSDictionary<UIApplicationOpenURLOptionsKey,id> *)options {
  return [super application:application openURL:url options:options] || [RCTLinkingManager application:application openURL:url options:options];
}

// Universal Links
- (BOOL)application:(UIApplication *)application continueUserActivity:(nonnull NSUserActivity *)userActivity restorationHandler:(nonnull void (^)(NSArray<id<UIUserActivityRestoring>> * _Nullable))restorationHandler {
// @generated begin react-native-siri-shortcut-delegate - expo prebuild (DO NOT MODIFY) sync-8b7c8dea13472db94614c8fa0a78dc7330c6c0c0
  [RNSSSiriShortcuts application:application continueUserActivity:userActivity restorationHandler:restorationHandler];
// @generated end react-native-siri-shortcut-delegate
  BOOL result = [RCTLinkingManager application:application continueUserActivity:userActivity restorationHandler:restorationHandler];
  return [super application:application continueUserActivity:userActivity restorationHandler:restorationHandler] || result;
}

// Explicitly define remote notification delegates to ensure compatibility with some third-party libraries
- (void)application:(UIApplication *)application didRegisterForRemoteNotificationsWithDeviceToken:(NSData *)deviceToken
{
  return [super application:application didRegisterForRemoteNotificationsWithDeviceToken:deviceToken];
}

// Explicitly define remote notification delegates to ensure compatibility with some third-party libraries
- (void)application:(UIApplication *)application didFailToRegisterForRemoteNotificationsWithError:(NSError *)error
{
  return [super application:application didFailToRegisterForRemoteNotificationsWithError:error];
}

// Explicitly define remote notification delegates to ensure compatibility with some third-party libraries
- (void)application:(UIApplication *)application didReceiveRemoteNotification:(NSDictionary *)userInfo fetchCompletionHandler:(void (^)(UIBackgroundFetchResult))completionHandler
{
  return [super application:application didReceiveRemoteNotification:userInfo fetchCompletionHandler:completionHandler];
}

@end
"
`;

exports[`addSiriShortcutAppDelegateInit adds init to swift Expo Modules AppDelegate 1`] = `
"import Expo
import React
import ReactAppDependencyProvider

@UIApplicationMain
public class AppDelegate: ExpoAppDelegate {
  var window: UIWindow?

  var reactNativeDelegate: ExpoReactNativeFactoryDelegate?
  var reactNativeFactory: RCTReactNativeFactory?

  public override func application(
    _ application: UIApplication,
    didFinishLaunchingWithOptions launchOptions: [UIApplication.LaunchOptionsKey: Any]? = nil
  ) -> Bool {
    let delegate = ReactNativeDelegate()
    let factory = ExpoReactNativeFactory(delegate: delegate)
    delegate.dependencyProvider = RCTAppDependencyProvider()

    reactNativeDelegate = delegate
    reactNativeFactory = factory
    bindReactNativeFactory(factory)

#if os(iOS) || os(tvOS)
    window = UIWindow(frame: UIScreen.main.bounds)
    factory.startReactNative(
      withModuleName: "main",
      in: window,
      launchOptions: launchOptions)
#endif

    return super.application(application, didFinishLaunchingWithOptions: launchOptions)
  }

  // Linking API
  public override func application(
    _ app: UIApplication,
    open url: URL,
    options: [UIApplication.OpenURLOptionsKey: Any] = [:]
  ) -> Bool {
    return super.application(app, open: url, options: options) || RCTLinkingManager.application(app, open: url, options: options)
  }

  // Universal Links
  public override func application(
    _ application: UIApplication,
    continue userActivity: NSUserActivity,
    restorationHandler: @escaping ([UIUserActivityRestoring]?) -> Void
  ) -> Bool {
// @generated begin react-native-siri-shortcut-delegate - expo prebuild (DO NOT MODIFY) sync-e418a2334d576540726b43fc100494b16e7cff76
  RNSSSiriShortcuts.application(application, continue: userActivity, restorationHandler: restorationHandler)
// @generated end react-native-siri-shortcut-delegate
    let result = RCTLinkingManager.application(application, continue: userActivity, restorationHandler: restorationHandler)
    return super.application(application, continue: userActivity, restorationHandler: restorationHandler) || result
  }
}

class ReactNativeDelegate: ExpoReactNativeFactoryDelegate {
  // Extension point for config-plugins

  override func sourceURL(for bridge: RCTBridge) -> URL? {
    // needed to return the correct URL for expo-dev-client.
    bridge.bundleURL ?? bundleURL()
  }

  override func bundleURL() -> URL? {
#if DEBUG
    return RCTBundleURLProvider.sharedSettings().jsBundleURL(forBundleRoot: ".expo/.virtual-metro-entry")
#else
    return Bundle.main.url(forResource: "main", withExtension: "jsbundle")
#endif
  }
}
"
`;

exports[`addSiriShortcutBridgingHeaderImport adds import to swift Expo Modules AppDelegate 1`] = `
"//
// Use this file to import your target's public headers that you would like to expose to Swift.
//

// @generated begin react-native-siri-shortcut - expo prebuild (DO NOT MODIFY) sync-34828decdfd158f5b96fe11a1e590a684e296e0e
#import <RNSiriShortcuts/RNSiriShortcuts.h>
// @generated end react-native-siri-shortcut"
`;
