// Jest Snapshot v1, https://goo.gl/fbAQLP

exports[`getTemplateFile returns only base-config when subdomains is '*' 1`] = `
"<?xml version="1.0" encoding="utf-8"?>
<locale-config xmlns:android="http://schemas.android.com/apk/res/android">
   <locale android:name="en"/>
</locale-config>"
`;
